[backblue.gif]
[fade.gif]
[index.html]
[www.factor23.com/index.html]
[www.factor23.com/sincmstemplate/content/f23/assets/images/favicon/apple-icon-57x57.png]
[www.factor23.com/sincmstemplate/content/f23/assets/images/favicon/apple-icon-60x60.png]
[www.factor23.com/sincmstemplate/content/f23/assets/images/favicon/apple-icon-72x72.png]
[www.factor23.com/sincmstemplate/content/f23/assets/images/favicon/apple-icon-114x114.png]
[www.factor23.com/sincmstemplate/content/f23/assets/images/favicon/apple-icon-120x120.png]
[www.factor23.com/sincmstemplate/content/f23/assets/images/favicon/apple-icon-144x144.png]
[www.factor23.com/sincmstemplate/content/f23/assets/images/favicon/apple-icon-152x152.png]
[www.factor23.com/sincmstemplate/content/f23/assets/images/favicon/apple-icon-180x180.png]
[www.factor23.com/sincmstemplate/content/f23/assets/images/favicon/android-icon-192x192.png]
[www.factor23.com/sincmstemplate/content/f23/assets/images/favicon/favicon-32x32.png]
[www.factor23.com/sincmstemplate/content/f23/assets/images/favicon/favicon-96x96.png]
[www.factor23.com/sincmstemplate/content/f23/assets/images/favicon/favicon-16x16.png]
[www.factor23.com/sincmstemplate/content/f23/assets/css/font-icons.css]
[www.factor23.com/sincmstemplate/content/f23/assets/css/flickity.css]
[www.factor23.com/sincmstemplate/content/f23/assets/css/particles_base.css]
[www.factor23.com/sincmstemplate/content/f23/assets/css/toggle_switch.css]
[www.factor23.com/sincmstemplate/content/f23/assets/css/bootstrap.css]
[www.factor23.com/sincmstemplate/content/f23/assets/css/jquery.flipster.min.css]
[www.factor23.com/sincmstemplate/content/f23/assets/css/et-line.css]
[www.factor23.com/sincmstemplate/content/f23/assets/css/v-bars.css]
[www.factor23.com/sincmstemplate/content/f23/assets/css/checkboxes.css]
[www.factor23.com/sincmstemplate/content/f23/assets/css/animate.css]
[www.factor23.com/sincmstemplate/content/f23/assets/css/bootstrap-select.min.css]
[gitcdn.github.io/bootstrap-toggle/2.2.2/css/bootstrap-toggle.min.css]
[code.jquery.com/jquery-3.4.1.min.js]
[cdnjs.cloudflare.com/ajax/libs/popper.js/1.14.7/umd/popper.min.js]
[stackpath.bootstrapcdn.com/bootstrap/4.3.1/js/bootstrap.min.js]
[www.factor23.com/sincmstemplate/content/f23/assets/css/customs/custom.css]
[www.factor23.com/sincmstemplate/content/f23/assets/css/style.css]
[www.factor23.com/sincmstemplate/content/f23/assets/css/customs/custom_atleti.css]
[www.factor23.com/sincmstemplate/content/f23/assets/css/customs/custom_magazine.css]
[www.factor23.com/sincmstemplate/content/f23/assets/css/customs/custom_kits.css]
[www.factor23.com/sincmstemplate/content/f23/assets/css/customs/custom_profile.css]
[www.factor23.com/sincmstemplate/content/f23/assets/css/customs/custom-f23.css]
[www.factor23.com/sincmstemplate/content/f23/assets/css/bootstrap-datepicker.min.css]
[gitcdn.github.io/bootstrap-toggle/2.2.2/js/bootstrap-toggle.min.js]
[use.fontawesome.com/releases/v5.0.13/css/all.css]
[www.factor23.com/sincmstemplate/content/f23/assets/js/flickity.min.js]
[www.factor23.com/sincmstemplate/content/f23/assets/js/bootstrap-select.min.js]
[www.factor23.com/sincmstemplate/content/f23/assets/js/bootstrap-datepicker.min.js]
[www.factor23.com/sincmstemplate/content/f23/assets/js/jquery.flipster.min.js]
[www.factor23.com/sincmstemplate/content/f23/assets/images/logo.svg]
[connect.facebook.net/en_US/sdk.js]
[www.factor23.com/sincmstemplate/content/f23/assets/images/home/you.svg]
[www.factor23.com/sincmstemplate/content/f23/assets/images/home/your-system.svg]
[www.factor23.com/sincmstemplate/content/f23/assets/images/home/our-science.svg]
[www.factor23.com/sincmstemplate/content/f23/assets/images/home/your-custom-program.svg]
[www.factor23.com/sincmstemplate/content/f23/assets/images/home/you-further.svg]
[www.factor23.com/cms_public_file/3/aed0856f3fc6792b907c5b6fb26bf047_30418_02.jpg]
[www.factor23.com/cms_public_file/3/13e9cabbaf46644dbc94fbfa363b8511_30640_step1.jpg]
[www.factor23.com/cms_public_file/3/f9a835d51e8c8a8e1df4725d91e04f7c_30642_step3.jpg]
[www.factor23.com/cms_public_file/3/d73f140fa082eba41260a9b3f4b6d9e0_30644_step4.jpg]
[www.factor23.com/cms_public_file/3/4ef0842b24bd4e7d2143d6e74cad3349_30646_step5.jpg]
[www.factor23.com/sincmstemplate/content/f23/assets/images/home/runner.png]
[www.factor23.com/sincmstemplate/content/f23/assets/images/home/runner-bg-graphics.png]
[www.factor23.com/sincmstemplate/content/f23/assets/images/home/check.svg]
[www.factor23.com/sincmstemplate/content/f23/assets/images/home/steps-slider-bg.png]
[www.factor23.com/sincmstemplate/content/f23/assets/video/home/web_gl_globe.mp4]
[www.factor23.com/cms_public_file/3/cd1b608e0060b61e2df5db8bc6cd6d6b_30492_giovanni_devoti.jpg]
[www.factor23.com/cms_public_file/3/4fdbd7936ac8954847d75cf73ab1a618_30500_francesco_ferrari.jpg]
[www.factor23.com/cms_public_file/3/b9bc0deb1eebac35640526b85ff2354e_30496_linus.jpg]
[www.factor23.com/cms_public_file/3/b2483e54a7ef8e51e94bf33a463cbef4_30490_mirko_colangelo.jpg]
[www.factor23.com/cms_public_file/3/3c2303d5bb5011a0cb084d74851e5008_30498_carlo_muraro.jpg]
[www.factor23.com/cms_public_file/3/eba832d39d794b41bf34876303fe35d0_30494_mariagrazia_braca.jpg]
[www.factor23.com/cms_public_file/3/11f3fa9a137aa05a5e9b2cbf8cdc5448_30428_holsworthy.png]
[www.factor23.com/cms_public_file/3/91574f2b27da9409db1312e21a911124_30430_placeholder_competioni.png]
[www.factor23.com/cms_public_file/3/d446e8cc78cc770c07cf162639f5f4af_30432_runnerds.png]
[www.factor23.com/cms_public_file/3/905a77d4348350a244d10c9a67804676_30434_sport_lab.png]
[www.factor23.com/cms_public_file/3/4f187f499295b3761fc08a3b0ca92166_30436_val_di_sole.png]
[www.factor23.com/sincmstemplate/content/f23/assets/js/homepage.js]
[www.factor23.com/sincmstemplate/content/f23/assets/js/particles_effect.js]
[www.factor23.com/sincmstemplate/content/f23/assets/js/components/bs-datatable.js]
[www.factor23.com/sincmstemplate/content/f23/assets/js/plugins.js]
[www.factor23.com/sincmstemplate/content/f23/assets/js/init-flick.js]
[www.factor23.com/sincmstemplate/content/f23/assets/js/v-bars.js]
[www.factor23.com/sincmstemplate/content/f23/assets/js/kits.js]
[www.factor23.com/sincmstemplate/content/f23/assets/js/utility.js]
[www.factor23.com/sincmstemplate/content/f23/assets/js/SinAnimation.js]
[www.factor23.com/sincmstemplate/content/f23/assets/js/nibirumail.cookie.min.js]
[www.factor23.com/sincmstemplate/content/f23/assets/js/functions.js]
[www.factor23.com/it/home.html]
[fonts.googleapis.com/css90e1.css]
[fonts.googleapis.com/icone91f.css]
[www.factor23.com/sincmstemplate/content/f23/assets/images/curved-mask-top-page.svg]
[www.factor23.com/cms_public_file/3/0f522dec98b2f554606dae518e2eb545_30557_andrea_pusateri.jpg]
[www.factor23.com/cms_public_file/3/3ece08f3a78bf2743eb034bc6cb91340_30396_valentina_diuof.jpg]
[www.factor23.com/cms_public_file/3/660b6dc1205fb383416188bc0866547b_30394_cristina_tasselli.jpg]
[www.factor23.com/cms_public_file/3/c4e0d1b25446bfe7f64e3ec3d786ab15_30392_federica_de_nicola.jpg]
[www.factor23.com/cms_public_file/3/51a6fb482ad0bc95869aad783c33b0ec_30398_andrea_latrofa.jpg]
[www.factor23.com/cms_public_file/3/178423a3fb001e92ffa893463731dc6a_30404_giulio_morelli.jpg]
[www.factor23.com/cms_public_file/3/729779d75bd5a3a7ade8149c3114518d_30388_maurizio_castelli.jpg]
[www.factor23.com/cms_public_file/3/c25695ff9ba267e619a791bd175729f3_30390_vittoria_bussi.jpg]
[www.factor23.com/cms_public_file/3/9fa72a79eee509fd90b7758e0fdba469_30400_olga_cappiello.jpg]
[www.factor23.com/cms_public_file/3/9816522e73a59d83b84d7dae4d82797f_30402_martina_caregaro.jpg]
[www.factor23.com/cms_public_file/3/c17781fc290ed1f75ae2076e540e3385_30408_Giovanni_Devoti.jpg]
[www.factor23.com/cms_public_file/3/e52837cff20426457a0db179d98b095a_30561_Francesco_Ferrari.jpg]
[www.factor23.com/cms_public_file/3/86653de8c784dcad0fce8dc679ab4a44_30412_Linus.jpg]
[www.factor23.com/cms_public_file/3/d31284f0bae5090f2ddd248ced9d9c0b_30406_Colangelo_mirko.jpg]
[www.factor23.com/cms_public_file/3/834a1b5629bc8e37136c02ca7fd2b3f0_30414_muraro_carlo.jpg]
[www.factor23.com/cms_public_file/3/112a0b48c2d8d4d771e17c3534501a98_30410_Mariagrazia_Braca.jpg]
[www.factor23.com/cms_public_file/3/a67cdb8a8fc35b690076100b184ab114_30630_athletes_before.jpg]
[www.factor23.com/cms_public_file/3/3ef0f658ed22e4b6d98e39ae9eb8af77_30631_athletes_after.jpg]
[www.factor23.com/cms_public_file/3/bf0c9b19599a18fa6ba335480166f96f_30632_athletes_before_mobile.jpg]
[www.factor23.com/cms_public_file/3/0b54664a3ed4e5b3ccec6363cb2d61be_30633_athletes_after_mobile.jpg]
[www.factor23.com/it/atleti.html]
[www.factor23.com/sincmstemplate/content/f23/assets/images/icons/kits/grade-2.svg]
[www.factor23.com/sincmstemplate/content/f23/assets/images/icons/kits/grade-6.svg]
[www.factor23.com/sincmstemplate/content/f23/assets/images/icons/kits/home_icon.svg]
[www.factor23.com/sincmstemplate/content/f23/assets/images/kits/kit-highlight-img.png]
[www.factor23.com/sincmstemplate/content/f23/assets/images/kits/kit-highlight-img-deco.png]
[www.factor23.com/cms_public_file/3/524712560ba843388ebacd4901260707_30440_02.png]
[www.factor23.com/sincmstemplate/content/f23/assets/images/icons/kits/grade-5.svg]
[www.factor23.com/sincmstemplate/content/f23/assets/images/icons/kits/hospital.svg]
[www.factor23.com/cms_public_file/3/a2ab55f3e81aa14ddcd5c71a0b0224cd_30442_03.png]
[www.factor23.com/sincmstemplate/content/f23/assets/images/icons/kits/grade-1.svg]
[www.factor23.com/sincmstemplate/content/f23/assets/images/icons/kits/grade-3.svg]
[www.factor23.com/cms_public_file/3/0015d397dd613f606a3c5418f3e92056_30444_04.png]
[www.factor23.com/sincmstemplate/content/f23/assets/images/icons/kits/grade-4.svg]
[www.factor23.com/cms_public_file/3/a3c0354b85b6b43f3db17bceff26d8e2_30446_05.png]
[www.factor23.com/cms_public_file/3/d8a877b9bcfd62f7d78adfffd46a67f0_30448_06.png]
[www.factor23.com/cms_public_file/3/75dfdba7de9efe9f151a356de70a1931_30450_07.png]
[www.factor23.com/cms_public_file/3/c109e1b634080372b3f128e1ee1977de_30452_08.png]
[www.factor23.com/cms_public_file/3/6547a86a2a5a41f8e6514484514d99e6_30454_09.png]
[www.factor23.com/cms_public_file/3/fc47284275304fafab43bcf2cb691685_30456_10.png]
[www.factor23.com/cms_public_file/3/40d11893032edec0c5dcb21123dbf5f1_30458_11.png]
[www.factor23.com/sincmstemplate/content/f23/assets/images/icons/kits/provetta.svg]
[www.factor23.com/sincmstemplate/content/f23/assets/images/icons/kits/microscopio.svg]
[www.factor23.com/sincmstemplate/content/f23/assets/images/icons/kits/algoritmo.svg]
[www.factor23.com/sincmstemplate/content/f23/assets/images/icons/kits/programma.svg]
[www.factor23.com/sincmstemplate/content/f23/assets/images/icons/kits/doctor.svg]
[www.factor23.com/sincmstemplate/content/f23/assets/images/icons/kits/laptop.svg]
[www.factor23.com/it/kit.html]
[www.factor23.com/cms_public_file/3/c06abe38599929b3f024eecd39a9d230_30638_team_top.png]
[www.factor23.com/cms_public_file/3/f64261a4b9fd9f5bcc84809bea94d936_30584_b0d4ea5643e099d5a896693f659fa8c7_30535_7f0fabf524bd4f00362b2f65e1ce7d40_30325_molecule.png]
[www.factor23.com/cms_public_file/3/e3b7e33e54b98ba5c0fde4890b3136dd_30585_8c556b93405dedcfa0aeeaa426e24dfb_30536_137cce11013af8972e9416d5fa2bec47_30327_molecule_2.png]
[www.factor23.com/cms_public_file/3/9e92551fab885478bc248872642d618d_30586_1df5cb940cc17740e0f374a618e0d5a8_30537_75981fb70a2ca70489dffb5c004b526e_30329_molecule_3.png]
[www.factor23.com/cms_public_file/3/12eeeaf581640fce559a44632e879934_30587_6233cee8ff0297d3ef7887bc567ef036_30538_cccddc53c870ead92a639cd9f3de7529_30331_molecule_4.png]
[www.factor23.com/cms_public_file/3/3d1239da4e6d06378a0e6cba51b67f00_30460_marco_lanzetta.jpg]
[www.factor23.com/cms_public_file/3/dab8c6cc61ec64bc887362c250f52cb1_30512_matteo_lanzetta.jpg]
[www.factor23.com/cms_public_file/3/b2e294c515bb419c00a6388a4fa03df3_30462_paola_carassai.jpg]
[www.factor23.com/cms_public_file/3/e93239a3cb92a9362d5cb35d0c6a5599_30650_maria_fabriano_copia.png]
[www.factor23.com/cms_public_file/3/1da01b3a70dda7fa2a74a79e9fd8844e_30466_alice_locatelli.jpg]
[www.factor23.com/cms_public_file/3/7d95232d98c3cf85d743005157b643d9_30468_patrizia_capobianco.jpg]
[www.factor23.com/cms_public_file/3/3923d549ec3e53ff29ff7d78d3b87fb0_30470_giuseppe_di_fede.jpg]
[www.factor23.com/cms_public_file/3/0264054676cbb9b1d5710430a8e761c8_30472_sacha_sorrentino.jpg]
[www.factor23.com/cms_public_file/3/a9a4f6f095910a5e750f228a98d78343_30652_aliboni.png]
[www.factor23.com/cms_public_file/3/d0b3b002fbf8cb0454eb1bd35f5f0b84_30474_marco_tomasi.jpg]
[www.factor23.com/cms_public_file/3/f9b9c453c0ca15730d29d746a26f4673_30476_giuliano_ubezio.jpg]
[www.factor23.com/cms_public_file/3/210dd26ea1397ded6b69df64e1202d19_30488_scott_anderson.jpg]
[www.factor23.com/cms_public_file/3/79fb245fa21e3b34319d52330647dd3b_30571_stefano_sala.jpg]
[www.factor23.com/it/team.html]
[www.factor23.com/cms_public_file/3/e19729664f207184f68e57baa6f5dc7e_30731_sport_zenzero_thumb.jpg]
[www.factor23.com/cms_public_file/3/23a72de978539e56826096ff5185e238_30725_miscobiota_sportivi_thumb.jpg]
[www.factor23.com/cms_public_file/3/cb95fbe6b06ffe5fe05588fd1283f7fc_30719_proteine_vegetali_thumb.jpg]
[www.factor23.com/cms_public_file/3/5944e25969b8d9be01771b7a1a145b88_30713_omega3_thumb.jpg]
[www.factor23.com/cms_public_file/3/71196d5a670809a37b8a25d968788265_30698_cronobiologia_thumb.jpg]
[www.factor23.com/cms_public_file/3/f134932dd34b5b946f031bbac52843ae_30690_sonno_thumb.jpg]
[www.factor23.com/cms_public_file/3/1d65dd0d42d8d20374439b3260472d98_30683_curcuma_thumb.jpg]
[www.factor23.com/cms_public_file/3/476b426aad12471fb9f840a0c384c402_30676_scifondo_thumb_copia.jpg]
[www.factor23.com/it/magazine.html]
[www.factor23.com/user/ws/auth/login.json]
[www.factor23.com/it/privacy603f.html]
[www.factor23.com/it/attivazione-utentead76.html]
[www.factor23.com/it/attivazione-utente.html]
[www.factor23.com/it/faq.html]
[www.factor23.com/sincmstemplate/content/f23/assets/js/faq.js]
[www.factor23.com/it/privacy2e6b.html]
[www.factor23.com/it/privacy8f1f.html]
[www.factor23.com/cms_public_file/3/f61ee5a8b103c209ce22e0ac4e854c1f_30733_sport_zenzero_big.jpg]
[www.factor23.com/proprieta-benefiche-zenzero.html]
[www.factor23.com/cms_public_file/3/5050b69dbe285611c029cda5f707c65f_30732_sport_zenzero_big.jpg]
[www.factor23.com/cms_public_file/3/ab2989af54562003ab649641c687a2b2_30727_microbiota_sport_big.jpg]
[www.factor23.com/microbiota-sportivi-ricerca.html]
[www.factor23.com/cms_public_file/3/8572d28b3124e39979d0e066ba39e342_30726_microbiota_sport_big.jpg]
[www.factor23.com/cms_public_file/3/4d7b1fcde3a634b49be678851d70c808_30721_proteine_vegetali_big.jpg]
[www.factor23.com/proteine-vegetali.html]
[www.factor23.com/cms_public_file/3/f876c99ea526ad464a1035d6f15870a4_30720_proteine_vegetali_big.jpg]
[www.factor23.com/cms_public_file/3/8d04c34f20fce8dc8ef828a4b498ad76_30715_omega3_big.jpg]
[www.factor23.com/omega-3-sportivi.html]
[www.factor23.com/cms_public_file/3/2ecc20a19cd19c2eafec7050fe132905_30714_omega3_big.jpg]
[www.factor23.com/cms_public_file/3/884b8a0600ed38a64fd2139ad6363d56_30709_cronobiologia_big.jpg]
[www.factor23.com/cms_public_file/3/b6e7079aa05c870f87c072eaf5269d51_30706_cronobiologia_big.jpg]
[www.factor23.com/cms_public_file/3/6ec6c1ee56bacb3ba95928c0d25a5836_30705_cronobiologia_big.jpg]
[www.factor23.com/cronobiologia-allenamento-sport.html]
[www.factor23.com/cms_public_file/3/3c4d32a36a4efa65ca227a9cb5d5b94d_30693_sonno_thumb.jpg]
[www.factor23.com/cms_public_file/3/ad83d15dd128f9c141e701ace633eb65_30692_sonno_big.jpg]
[www.factor23.com/cms_public_file/3/beb5610c69f56720ad5e907569eb7cc5_30691_sonno_big.jpg]
[www.factor23.com/alimentazione-sonno-sportivi.html]
[www.factor23.com/cms_public_file/3/8de4c3d410e2448e6a1ac22303d3d8df_30685_curcuma_thumb.jpg]
[www.factor23.com/curcuma-importante-sportivi.html]
[www.factor23.com/cms_public_file/3/abff6a9c46be8d82528d0f5e7d9de842_30684_curcuma_big.jpg]
[www.factor23.com/cms_public_file/3/a8a37c55587e5000180a27273ff0e4b6_30679_social_scifondo.jpg]
[www.factor23.com/cms_public_file/3/b2003523e84319992077936b134cf8ac_30678_scifondo_big.jpg]
[www.factor23.com/cms_public_file/3/af73567debe579bb2189e2b66cc8fde2_30677_SF231_x_web_44_n.jpg]
[www.factor23.com/factor-23-articolo-scifondo.html]
[www.factor23.com/it/privacy.html]
[stackpath.bootstrapcdn.com/bootstrap/4.3.1/js/bootstrap.min.js]
[www.factor23.com/assets/images/favicon/apple-icon-76x76.html]
[www.factor23.com/sincmstemplate/content/f23/assets/js/plugins.js]
[www.factor23.com/sincmstemplate/content/f23/assets/js/particles_effect.js]
[www.factor23.com/ms-icon-144x144.html]
[www.factor23.com/sincmstemplate/content/f23/assets/css/fonts/font-icons.woff]
[www.factor23.com/sincmstemplate/content/f23/assets/css/fonts/font-icons.eot]
[www.factor23.com/sincmstemplate/content/f23/assets/css/fonts/font-icons.ttf]
[www.factor23.com/sincmstemplate/content/f23/assets/css/fonts/font-icons.svg]
[cdnjs.cloudflare.com/ajax/libs/popper.js/1.14.7/umd/popper.min.js]
[www.factor23.com/sincmstemplate/content/f23/assets/css/fonts/lined-icons.eot]
[www.factor23.com/sincmstemplate/content/f23/assets/css/fonts/lined-icons.woff]
[www.factor23.com/sincmstemplate/content/f23/assets/css/fonts/lined-icons.ttf]
[www.factor23.com/sincmstemplate/content/f23/assets/css/fonts/lined-icons.svg]
[www.factor23.com/sincmstemplate/content/f23/assets/css/fonts/font-icons.eot]
[www.factor23.com/sincmstemplate/content/f23/assets/css/font-icons.css]
[www.factor23.com/sincmstemplate/content/f23/assets/css/flickity.css]
[www.factor23.com/sincmstemplate/content/f23/assets/css/particles_base.css]
[www.factor23.com/sincmstemplate/content/f23/assets/css/toggle_switch.css]
[www.factor23.com/sincmstemplate/content/f23/assets/css/bootstrap.css]
[www.factor23.com/sincmstemplate/content/f23/assets/css/jquery.flipster.min.css]
[www.factor23.com/sincmstemplate/content/f23/assets/css/et-line.css]
[www.factor23.com/sincmstemplate/content/f23/assets/css/v-bars.css]
[www.factor23.com/sincmstemplate/content/f23/assets/css/checkboxes.css]
[www.factor23.com/sincmstemplate/content/f23/assets/css/animate.css]
[www.factor23.com/sincmstemplate/content/f23/assets/css/bootstrap-select.min.css]
[gitcdn.github.io/bootstrap-toggle/2.2.2/css/bootstrap-toggle.min.css]
[fonts.googleapis.com/icone91f.css]
[www.factor23.com/sincmstemplate/content/f23/assets/images/loader.png]
[www.factor23.com/sincmstemplate/content/f23/assets/css/customs/custom.css]
[www.factor23.com/sincmstemplate/content/f23/assets/css/style.css]
[www.factor23.com/sincmstemplate/content/f23/assets/css/customs/custom_atleti.css]
[www.factor23.com/sincmstemplate/content/f23/assets/css/customs/custom_magazine.css]
[www.factor23.com/sincmstemplate/content/f23/assets/css/customs/custom_kits.css]
[www.factor23.com/sincmstemplate/content/f23/assets/css/customs/custom_profile.css]
[www.factor23.com/sincmstemplate/content/f23/assets/images/check-no.svg]
[www.factor23.com/sincmstemplate/content/f23/assets/images/check-yes.svg]
[www.factor23.com/sincmstemplate/content/f23/assets/css/fonts/factor-icons1573.eot]
[www.factor23.com/sincmstemplate/content/f23/assets/css/fonts/factor-icons1573.ttf]
[www.factor23.com/sincmstemplate/content/f23/assets/css/fonts/factor-icons1573.woff]
[www.factor23.com/sincmstemplate/content/f23/assets/css/fonts/factor-icons1573.svg]
[www.factor23.com/sincmstemplate/content/f23/assets/images/loader/gradient.svg]
[www.factor23.com/sincmstemplate/content/f23/assets/images/loader/logo-mask.svg]
[www.factor23.com/sincmstemplate/content/f23/assets/images/dots.jpg]
[www.factor23.com/sincmstemplate/content/f23/assets/images/dots-footer.jpg]
[www.factor23.com/sincmstemplate/content/f23/assets/images/icons/chevron-down.svg]
[www.factor23.com/sincmstemplate/content/f23/assets/images/home/dots.png]
[www.factor23.com/sincmstemplate/content/f23/assets/images/home/home-steps-curve.png]
[www.factor23.com/sincmstemplate/content/f23/assets/images/home/steps-slider-active-gear.png]
[www.factor23.com/sincmstemplate/content/f23/assets/images/kits/kit-top-bg.jpg]
[www.factor23.com/sincmstemplate/content/f23/assets/images/kits/kit-top-bg-mobile.jpg]
[www.factor23.com/sincmstemplate/content/f23/assets/images/kits/circle.png]
[www.factor23.com/sincmstemplate/content/f23/assets/images/athlets/exa-before.svg]
[www.factor23.com/sincmstemplate/content/f23/assets/images/athlets/exa-after.svg]
[www.factor23.com/sincmstemplate/content/f23/assets/images/blockquote.svg]
[www.factor23.com/sincmstemplate/content/f23/assets/css/customs/custom-f23.css]
[www.factor23.com/sincmstemplate/content/f23/assets/css/bootstrap-datepicker.min.css]
[use.fontawesome.com/releases/v5.0.13/webfonts/fa-brands-400.svg]
[use.fontawesome.com/releases/v5.0.13/webfonts/fa-regular-400.svg]
[use.fontawesome.com/releases/v5.0.13/css/all.css]
[www.factor23.com/sincmstemplate/content/f23/assets/images/logo.svg]
[connect.facebook.net/en_US/sdk.js]
[www.factor23.com/sincmstemplate/content/f23/assets/images/home/you.svg]
[www.factor23.com/sincmstemplate/content/f23/assets/images/home/your-system.svg]
[www.factor23.com/sincmstemplate/content/f23/assets/images/home/our-science.svg]
[www.factor23.com/sincmstemplate/content/f23/assets/images/home/your-custom-program.svg]
[www.factor23.com/sincmstemplate/content/f23/assets/images/home/you-further.svg]
[www.factor23.com/sincmstemplate/content/f23/assets/images/home/check.svg]
[use.fontawesome.com/releases/v5.0.13/webfonts/fa-solid-900.svg]
[www.factor23.com/it/faq.html]
[www.factor23.com/sincmstemplate/content/f23/assets/images/curved-mask-top-page.svg]
[www.factor23.com/sincmstemplate/content/f23/assets/images/icons/kits/grade-2.svg]
[www.factor23.com/sincmstemplate/content/f23/assets/images/icons/kits/grade-6.svg]
[www.factor23.com/sincmstemplate/content/f23/assets/images/icons/kits/home_icon.svg]
[www.factor23.com/sincmstemplate/content/f23/assets/images/icons/kits/grade-5.svg]
[www.factor23.com/sincmstemplate/content/f23/assets/images/icons/kits/hospital.svg]
[www.factor23.com/sincmstemplate/content/f23/assets/images/icons/kits/grade-1.svg]
[www.factor23.com/sincmstemplate/content/f23/assets/images/icons/kits/grade-3.svg]
[www.factor23.com/sincmstemplate/content/f23/assets/images/icons/kits/grade-4.svg]
[www.factor23.com/sincmstemplate/content/f23/assets/images/icons/kits/provetta.svg]
[www.factor23.com/sincmstemplate/content/f23/assets/images/icons/kits/microscopio.svg]
[www.factor23.com/sincmstemplate/content/f23/assets/images/icons/kits/algoritmo.svg]
[www.factor23.com/sincmstemplate/content/f23/assets/images/icons/kits/programma.svg]
[www.factor23.com/sincmstemplate/content/f23/assets/images/icons/kits/doctor.svg]
[www.factor23.com/sincmstemplate/content/f23/assets/images/icons/kits/laptop.svg]
[www.factor23.com/omega-3-sportivi.html]
[www.factor23.com/cronobiologia-allenamento-sport.html]
[www.factor23.com/alimentazione-sonno-sportivi.html]
[www.factor23.com/curcuma-importante-sportivi.html]
[www.factor23.com/factor-23-articolo-scifondo.html]
[www.factor23.com/it/privacy.html]
[www.factor23.com/sincmstemplate/content/f23/assets/css/fonts/font-icons.svg]
[www.factor23.com/sincmstemplate/content/f23/assets/css/fonts/lined-icons.svg]
[www.factor23.com/sincmstemplate/content/f23/assets/css/fonts/Simple-Line-Icons.html]
[www.factor23.com/sincmstemplate/content/f23/assets/css/fonts/Simple-Line-Iconsd41d.html]
[www.factor23.com/sincmstemplate/content/f23/assets/css/fonts/Simple-Line-Icons-2.html]
[www.factor23.com/sincmstemplate/content/f23/assets/css/fonts/Simple-Line-Icons-3.html]
[www.factor23.com/sincmstemplate/content/f23/assets/css/fonts/Simple-Line-Icons-4.html]
[www.factor23.com/sincmstemplate/content/f23/assets/css/et-line/et-line.html]
[www.factor23.com/sincmstemplate/content/f23/assets/css/et-line/et-lined41d.html]
[www.factor23.com/sincmstemplate/content/f23/assets/css/et-line/et-line-2.html]
[www.factor23.com/sincmstemplate/content/f23/assets/css/et-line/et-line-3.html]
[www.factor23.com/sincmstemplate/content/f23/assets/css/et-line/et-line-4.html]
[www.factor23.com/sincmstemplate/content/f23/assets/css/images/icons/submenu.html]
[www.factor23.com/sincmstemplate/content/f23/assets/css/images/icons/menu-divider.html]
[www.factor23.com/sincmstemplate/content/f23/assets/css/images/icons/close.html]
[www.factor23.com/sincmstemplate/content/f23/assets/css/images/pattern2.html]
[www.factor23.com/sincmstemplate/content/f23/assets/css/images/grid.html]
[www.factor23.com/sincmstemplate/content/f23/assets/css/images/pattern.html]
[www.factor23.com/sincmstemplate/content/f23/assets/css/images/parallax/parallax-bg.html]
[www.factor23.com/sincmstemplate/content/f23/assets/css/images/icons/iconalt.html]
[www.factor23.com/sincmstemplate/content/f23/assets/css/images/preloader.html]
[www.factor23.com/sincmstemplate/content/f23/assets/css/images/icons/play.html]
[www.factor23.com/sincmstemplate/content/f23/assets/css/images/icons/dotted.html]
[www.factor23.com/sincmstemplate/content/f23/assets/css/images/icons/widget-comment.html]
[www.factor23.com/sincmstemplate/content/f23/assets/css/images/icons/widget-link.html]
[www.factor23.com/sincmstemplate/content/f23/assets/images/check-no.svg]
[www.factor23.com/sincmstemplate/content/f23/assets/images/check-yes.svg]
[www.factor23.com/sincmstemplate/content/f23/assets/css/fonts/factor-icons1573.svg]
[www.factor23.com/sincmstemplate/content/f23/assets/images/loader/gradient.svg]
[www.factor23.com/sincmstemplate/content/f23/assets/images/loader/logo-mask.svg]
[www.factor23.com/sincmstemplate/content/f23/assets/images/icons/chevron-down.svg]
[www.factor23.com/sincmstemplate/content/f23/assets/images/athlets/exa-before.svg]
[www.factor23.com/sincmstemplate/content/f23/assets/images/athlets/exa-after.svg]
[www.factor23.com/sincmstemplate/content/f23/assets/images/blockquote.svg]
[use.fontawesome.com/releases/v5.0.13/webfonts/fa-brands-400.svg]
[use.fontawesome.com/releases/v5.0.13/webfonts/fa-regular-400.svg]
[use.fontawesome.com/releases/v5.0.13/webfonts/fa-solid-900.svg]
